// Jest Snapshot v1, https://goo.gl/fbAQLP

exports[`Task component matches snapshot 1`] = `
<DocumentFragment>
  <div
    class="flex flex-row items-center border-t border-gray-200 py-2"
  >
    <input
      class="h-5 w-5 form-checkbox rounded-full mx-2 border-gray-300 focus:ring-0 focus:ring-opacity-50 text-blue-500"
      type="checkbox"
    />
    <span
      class="text-lg ml-2 truncate text-blueGray-800"
    >
      型定義を追加する
    </span>
    <button
      class="fas fa-ellipsis-v h-5 w-5 ml-auto mr-2 text-gray-400"
    />
  </div>
</DocumentFragment>
`;
